/home/user/MORL_FJSP/scripts/analyze.py:324: RuntimeWarning: Mean of empty slice
  pr = (np.nanmean([np.nanmean(np.array(prefm[i][l], dtype=float), axis=0) for i in insts], axis=0)
{
 "vrhoPrecoMk": "-0.44",
 "vrhoPrecoCost": "+0.01",
 "vrhoPrecoCo": "-0.03",
 "vrhoPrecoRisk": "+0.04",
 "vrhoLsMk": "-0.33",
 "vrhoLsCost": "-0.02",
 "vrhoLsCo": "+0.04",
 "vrhoLsRisk": "-0.03",
 "vrhoPwgMk": "-0.82",
 "vrhoPwgCost": "+0.19",
 "vrhoPwgCo": "+0.21",
 "vrhoPwgRisk": "-0.22",
 "ablFull": "0.078",
 "ablFullInfeas": "0.9",
 "ablLs": "0.084",
 "ablLsInfeas": "0.9",
 "ablLsP": "1.000",
 "ablNogat": "0.096",
 "ablNogatInfeas": "0.7",
 "ablNogatP": "1.000",
 "ablNofilm": "0.038",
 "ablNofilmInfeas": "1.5",
 "ablNofilmP": "0.026",
 "ablNocrit": "0.059",
 "ablNocritInfeas": "0.4",
 "ablNocritP": "1.000",
 "ablNoexpert": "0.007",
 "ablNoexpertInfeas": "4.6",
 "ablNoexpertP": "0.0098",
 "ablNoelite": "0.094",
 "ablNoeliteInfeas": "1.8",
 "ablNoeliteP": "1.000",
 "ablNodelay": "0.085",
 "ablNodelayInfeas": "0.9",
 "ablNodelayP": "1.000",
 "ablNomask": "0.124",
 "ablNomaskInfeas": "1.2",
 "ablNomaskP": "0.472",
 "ablBcPreco": "0.080",
 "ablBcPrecoInfeas": "0.5",
 "ablBcPrecoP": "1.000",
 "ablBcLs": "0.053",
 "ablBcLsInfeas": "1.5",
 "ablBcLsP": "0.039",
 "hvNsgaiiRand": "0.137",
 "nRandBelowRules": "4",
 "randBelowList": "\\texttt{Mk06}, \\texttt{Mk07}, \\texttt{Mk09} and \\texttt{Mk10}",
 "nRandBelowSeeded": "12",
 "decSpeedupMin": "112",
 "decSpeedupMax": "181",
 "decSpeedupMed": "142",
 "decJitMs": "0.071",
 "decPyMs": "10.2",
 "decPyNsgaHours": "0.2",
 "timePolicyMean": "12.0",
 "timeSingleMean": "0.32",
 "timeNsgaiiMean": "7.5",
 "timeNsgaiiiMean": "7.9",
 "numseedsmain": "5",
 "numitersmain": "120",
 "hvPreco": "0.078",
 "timePreco": "13.0",
 "igdPreco": "0.930",
 "rhvPreco": "2.18",
 "hvLs": "0.084",
 "timeLs": "13.1",
 "igdLs": "1.755",
 "rhvLs": "2.12",
 "hvHybPrecoii": "0.512",
 "timeHybPrecoii": "20.7",
 "igdHybPrecoii": "0.256",
 "rhvHybPrecoii": "3.91",
 "hvHybLsii": "0.527",
 "timeHybLsii": "20.7",
 "igdHybLsii": "0.203",
 "rhvHybLsii": "3.88",
 "hvHybPrecoiii": "0.512",
 "timeHybPrecoiii": "21.0",
 "igdHybPrecoiii": "0.249",
 "rhvHybPrecoiii": "3.85",
 "hvHybLsiii": "0.535",
 "timeHybLsiii": "21.0",
 "igdHybLsiii": "0.208",
 "rhvHybLsiii": "3.85",
 "hvNsgaii": "0.422",
 "timeNsgaii": "10.9",
 "igdNsgaii": "0.310",
 "rhvNsgaii": "3.81",
 "hvNsgaiii": "0.438",
 "timeNsgaiii": "12.6",
 "igdNsgaiii": "0.297",
 "rhvNsgaiii": "3.76",
 "hvPwg": "0.004",
 "timePwg": "1.0",
 "igdPwg": "2.923",
 "rhvPwg": "1.08",
 "hvRules": "0.006",
 "timeRules": "0.1",
 "igdRules": "1.660",
 "rhvRules": "1.32",
 "winsPrecovsLs": "8",
 "pPrecovsLs": "0.413",
 "winsPrecovsHybPrecoii": "0",
 "pPrecovsHybPrecoii": "0.0044",
 "winsPrecovsHybLsii": "0",
 "pPrecovsHybLsii": "0.0044",
 "winsPrecovsHybPrecoiii": "0",
 "pPrecovsHybPrecoiii": "0.0044",
 "winsPrecovsHybLsiii": "0",
 "pPrecovsHybLsiii": "0.0044",
 "winsPrecovsNsgaii": "0",
 "pPrecovsNsgaii": "0.0044",
 "winsPrecovsNsgaiii": "0",
 "pPrecovsNsgaiii": "0.0044",
 "winsPrecovsPwg": "11",
 "pPrecovsPwg": "0.0044",
 "winsPrecovsRules": "11",
 "pPrecovsRules": "0.0044",
 "winsHybPrecoiivsPreco": "12",
 "pHybPrecoiivsPreco": "0.0044",
 "winsHybPrecoiivsLs": "12",
 "pHybPrecoiivsLs": "0.0044",
 "winsHybPrecoiivsHybLsii": "5",
 "pHybPrecoiivsHybLsii": "1.000",
 "winsHybPrecoiivsHybPrecoiii": "8",
 "pHybPrecoiivsHybPrecoiii": "1.000",
 "winsHybPrecoiivsHybLsiii": "5",
 "pHybPrecoiivsHybLsiii": "1.000",
 "winsHybPrecoiivsNsgaii": "8",
 "pHybPrecoiivsNsgaii": "0.105",
 "winsHybPrecoiivsNsgaiii": "8",
 "pHybPrecoiivsNsgaiii": "0.209",
 "winsHybPrecoiivsPwg": "12",
 "pHybPrecoiivsPwg": "0.0044",
 "winsHybPrecoiivsRules": "12",
 "pHybPrecoiivsRules": "0.0044",
 "hvPrecoSamp": "0.096",
 "timePrecoSamp": "171.1",
 "hvLsSamp": "0.096",
 "timeLsSamp": "182.4",
 "asfPreco": "0.815",
 "angPreco": "61.6",
 "wsrPreco": "0.586",
 "infeasPreco": "0.9",
 "rhoPreco": "-0.10",
 "rhoPrecoMk": "-0.69",
 "rhoPrecoCost": "+0.11",
 "rhoPrecoCo": "+0.08",
 "rhoPrecoRisk": "+0.11",
 "asfLs": "0.822",
 "angLs": "67.0",
 "wsrLs": "0.638",
 "infeasLs": "0.9",
 "rhoLs": "-0.05",
 "rhoLsMk": "-0.50",
 "rhoLsCost": "+0.15",
 "rhoLsCo": "+0.09",
 "rhoLsRisk": "+0.07",
 "asfPwg": "0.901",
 "angPwg": "76.1",
 "wsrPwg": "0.778",
 "infeasPwg": "14.1",
 "rhoPwg": "-0.29",
 "rhoPwgMk": "-0.82",
 "rhoPwgCost": "-0.03",
 "rhoPwgCo": "+0.03",
 "rhoPwgRisk": "-0.36",
 "asfNsgaii": "0.255",
 "angNsgaii": "33.3",
 "wsrNsgaii": "0.166",
 "infeasNsgaii": "0.0",
 "rhoNsgaii": "-0.61",
 "rhoNsgaiiMk": "-0.66",
 "rhoNsgaiiCost": "-0.56",
 "rhoNsgaiiCo": "-0.56",
 "rhoNsgaiiRisk": "-0.66",
 "asfNsgaiii": "0.252",
 "angNsgaiii": "33.7",
 "wsrNsgaiii": "0.162",
 "infeasNsgaiii": "0.0",
 "rhoNsgaiii": "-0.59",
 "rhoNsgaiiiMk": "-0.65",
 "rhoNsgaiiiCost": "-0.54",
 "rhoNsgaiiiCo": "-0.52",
 "rhoNsgaiiiRisk": "-0.65",
 "pAsfPrecoLs": "0.898",
 "winsAsfPrecoLs": "6",
 "pAngPrecoLs": "0.034",
 "winsAngPrecoLs": "10",
 "pWsrPrecoLs": "0.077",
 "winsWsrPrecoLs": "8",
 "pRhoPrecoLs": "0.034",
 "trainPreco": "0.41",
 "trainLs": "0.40",
 "selPrecoZero": "3",
 "valPrecoItZero": "1.99",
 "valPrecoBest": "2.07",
 "valPrecoLast": "1.94",
 "selLsZero": "0",
 "valLsItZero": "1.81",
 "valLsBest": "2.08",
 "valLsLast": "1.98",
 "friedmanp": "7.1\\times10^{-15}",
 "tmHyb": "0.512",
 "tmLong": "0.490",
 "tmWins": "6",
 "tmN": "12",
 "tmBudget": "120",
 "genValPreco": "42",
 "genValLs": "43",
 "genTestPreco": "45",
 "genTestLs": "42",
 "valPrecoSel": "2.07",
 "valLsSel": "2.08",
 "valPwg": "1.03",
 "valNsga": "3.48",
 "valExpert": "2.79",
 "daysN": "7",
 "daysNsgaBest": "7",
 "daysPrecoOverPwg": "7",
 "daysPrecoOverLs": "7",
 "daysPrecoMin": "0.117",
 "daysPrecoMax": "0.306",
 "daysLsMin": "0.087",
 "daysLsMax": "0.211",
 "daysPwgMin": "0.005",
 "daysPwgMax": "0.162",
 "daysNsgaiiMin": "0.705",
 "daysNsgaiiMax": "0.813",
 "daysPrecoVsLsP": "0.0012",
 "behPostPreco": "0.43",
 "behPostPrecoLo": "0.22",
 "behPostPrecoHi": "0.76",
 "behEnPrecoLo": "15.8",
 "behEnPrecoHi": "14.6",
 "behPostLs": "0.54",
 "behPostLsLo": "0.42",
 "behPostLsHi": "0.65",
 "behEnLsLo": "15.4",
 "behEnLsHi": "14.7",
 "exAMk": "11.9",
 "exACost": "120.5",
 "exACo": "257",
 "exARisk": "0.25",
 "exBMk": "19.0",
 "exBCost": "128.1",
 "exBCo": "289",
 "exBRisk": "0.44",
 "exAEproc": "935",
 "exAEidle": "59",
 "exARatio": "16.7",
 "exBEproc": "833",
 "exBEidle": "106",
 "exBRatio": "1.3",
 "credBetaSafe": "0.7",
 "credMinSafe": "99.92",
 "credTriHalf": "94.3",
 "credLognHalf": "97.7",
 "credUnifHalf": "93.4",
 "credPwgTriHalf": "67.2",
 "credGateViolHalf": "0.0",
 "credMkHalf": "+0.0",
 "credCostHalf": "+0.0",
 "credCoHalf": "+0.0",
 "credRiskHalf": "+0.0",
 "credTriSix": "99.6",
 "credLognSix": "99.9",
 "credUnifSix": "97.6",
 "credPwgTriSix": "89.2",
 "credGateViolSix": "0.0",
 "credMkSix": "-0.2",
 "credCostSix": "-0.2",
 "credCoSix": "-0.3",
 "credRiskSix": "+0.2",
 "credTriSeven": "100.0",
 "credLognSeven": "100.0",
 "credUnifSeven": "99.9",
 "credPwgTriSeven": "94.8",
 "credGateViolSeven": "0.0",
 "credMkSeven": "+1.2",
 "credCostSeven": "+0.1",
 "credCoSeven": "+0.2",
 "credRiskSeven": "+0.5",
 "credTriNine": "100.0",
 "credLognNine": "100.0",
 "credUnifNine": "100.0",
 "credPwgTriNine": "96.4",
 "credGateViolNine": "0.4",
 "credMkNine": "+2.4",
 "credCostNine": "+0.1",
 "credCoNine": "+0.4",
 "credRiskNine": "+1.1",
 "credTriNineFive": "100.0",
 "credLognNineFive": "100.0",
 "credUnifNineFive": "100.0",
 "credPwgTriNineFive": "97.2",
 "credGateViolNineFive": "3.2",
 "credMkNineFive": "+2.0",
 "credCostNineFive": "+0.3",
 "credCoNineFive": "+0.5",
 "credRiskNineFive": "+1.4",
 "credTriNineNine": "100.0",
 "credLognNineNine": "100.0",
 "credUnifNineNine": "100.0",
 "credPwgTriNineNine": "97.1",
 "credGateViolNineNine": "3.0",
 "credMkNineNine": "+2.2",
 "credCostNineNine": "+0.5",
 "credCoNineNine": "+0.8",
 "credRiskNineNine": "+2.6",
 "pvCostRedZero": "4.3",
 "pvCoRedZero": "3.9",
 "pvCostRedQuarter": "8.6",
 "pvCoRedQuarter": "7.9",
 "pvCostRedHalf": "14.5",
 "pvCoRedHalf": "14.3",
 "pvCostRedOne": "21.6",
 "pvCoRedOne": "21.2",
 "pvMinCostDrop": "56.8",
 "scaleNmax": "1583",
 "scaleSweepMax": "1380.5",
 "scalePerPrefMax": "16.43",
 "scaleDecodeMax": "40.1",
 "scaleNmin": "51",
 "scaleSweepMin": "2.3",
 "scaleSlope": "1.86",
 "seedk": "10",
 "seedgain": "3.2",
 "seedlist": "0: 3.44, 10: 3.55, 20: 3.43, 40: 3.46, 60: 3.50"
}
overall: {
 "DP-PreCo-GRL": {
  "LS-GRL": {
   "wilcoxon_p": 0.4130859375,
   "a12": 0.6527777777777778,
   "wins": 8,
   "wilcoxon_p_holm": 0.4130859375
  },
  "DP-PreCo-GRL + NSGA-II": {
   "wilcoxon_p": 0.00048828125,
   "a12": 0.06944444444444445,
   "wins": 0,
   "wilcoxon_p_holm": 0.00439453125
  },
  "LS-GRL + NSGA-II": {
   "wilcoxon_p": 0.00048828125,
   "a12": 0.0,
   "wins": 0,
   "wilcoxon_p_holm": 0.00439453125
  },
  "DP-PreCo-GRL + NSGA-III": {
   "wilcoxon_p": 0.00048828125,
   "a12": 0.06944444444444445,
   "wins": 0,
   "wilcoxon_p_holm": 0.00439453125
  },
  "LS-GRL + NSGA-III": {
   "wilcoxon_p": 0.00048828125,
   "a12": 0.0,
   "wins": 0,
   "wilcoxon_p_holm": 0.00439453125
  },
  "NSGA-II": {
   "wilcoxon_p": 0.00048828125,
   "a12": 0.04861111111111111,
   "wins": 0,
   "wilcoxon_p_holm": 0.00439453125
  },
  "NSGA-III": {
   "wilcoxon_p": 0.00048828125,
   "a12": 0.04861111111111111,
   "wins": 0,
   "wilcoxon_p_holm": 0.00439453125
  },
  "PWG": {
   "wilcoxon_p": 0.0009765625,
   "a12": 0.875,
   "wins": 11,
   "wilcoxon_p_holm": 0.00439453125
  },
  "Rules": {
   "wilcoxon_p": 0.0009765625,
   "a12": 0.875,
   "wins": 11,
   "wilcoxon_p_holm": 0.00439453125
  }
 },
 "DP-PreCo-GRL + NSGA-II": {
  "DP-PreCo-GRL": {
   "wilcoxon_p": 0.00048828125,
   "a12": 0.9305555555555556,
   "wins": 12,
   "wilcoxon_p_holm": 0.00439453125
  },
  "LS-GRL": {
   "wilcoxon_p": 0.00048828125,
   "a12": 0.9583333333333334,
   "wins": 12,
   "wilcoxon_p_holm": 0.00439453125
  },
  "LS-GRL + NSGA-II": {
   "wilcoxon_p": 0.7333984375,
   "a12": 0.5,
   "wins": 5,
   "wilcoxon_p_holm": 1.0
  },
  "DP-PreCo-GRL + NSGA-III": {
   "wilcoxon_p": 0.7333984375,
   "a12": 0.5069444444444444,
   "wins": 8,
   "wilcoxon_p_holm": 1.0
  },
  "LS-GRL + NSGA-III": {
   "wilcoxon_p": 0.67724609375,
   "a12": 0.5138888888888888,
   "wins": 5,
   "wilcoxon_p_holm": 1.0
  },
  "NSGA-II": {
   "wilcoxon_p": 0.02099609375,
   "a12": 0.6388888888888888,
   "wins": 8,
   "wilcoxon_p_holm": 0.10498046875
  },
  "NSGA-III": {
   "wilcoxon_p": 0.05224609375,
   "a12": 0.6319444444444444,
   "wins": 8,
   "wilcoxon_p_holm": 0.208984375
  },
  "PWG": {
   "wilcoxon_p": 0.00048828125,
   "a12": 0.9861111111111112,
   "wins": 12,
   "wilcoxon_p_holm": 0.00439453125
  },
  "Rules": {
   "wilcoxon_p": 0.00048828125,
   "a12": 0.9861111111111112,
   "wins": 12,
   "wilcoxon_p_holm": 0.00439453125
  }
 }
}
