preco_s0 0.0 Mk01 [1.1900e+01 1.7096e+02 3.6273e+02 2.5000e-01]
preco_s0 0.0 Mk02 [  7.25 147.44 301.85   0.37]
preco_s0 0.0 Mk03 [1.0200e+01 2.5898e+02 5.3770e+02 7.0000e-02]
preco_s0 0.0 Mk04 [1.3380e+01 3.7201e+02 7.9145e+02 2.0000e-01]
preco_s0 0.0 Mk05 [1.1870e+01 2.3821e+02 5.0587e+02 3.5000e-01]
preco_s0 0.0 Mk06 [1.4300e+01 3.1529e+02 6.7267e+02 5.2000e-01]
preco_s0 0.0 Mk07 [1.2580e+01 2.4908e+02 5.2275e+02 3.7000e-01]
preco_s0 0.0 Mk08 [8.9500e+00 2.2335e+02 4.5639e+02 1.0000e-01]
preco_s0 0.0 Mk09 [1.0630e+01 3.8785e+02 8.2114e+02 1.3000e-01]
preco_s0 0.0 Mk10 [7.9300e+00 2.3384e+02 5.0086e+02 3.3000e-01]
preco_s0 0.0 La16 [1.8220e+01 4.3535e+02 9.8923e+02 1.4000e-01]
preco_s0 0.0 La21 [2.00700e+01 7.67970e+02 1.72181e+03 2.50000e-01]
preco_s0 0.25 Mk01 [1.2180e+01 1.4201e+02 3.0588e+02 2.6000e-01]
preco_s0 0.25 Mk02 [  7.25  97.28 206.49   0.35]
preco_s0 0.25 Mk03 [1.0200e+01 2.0888e+02 4.3527e+02 7.0000e-02]
preco_s0 0.25 Mk04 [1.3380e+01 3.1639e+02 6.7840e+02 2.0000e-01]
preco_s0 0.25 Mk05 [1.1730e+01 2.0626e+02 4.3836e+02 3.4000e-01]
preco_s0 0.25 Mk06 [1.4300e+01 2.5784e+02 5.4919e+02 4.9000e-01]
preco_s0 0.25 Mk07 [1.3170e+01 2.1122e+02 4.5446e+02 3.7000e-01]
preco_s0 0.25 Mk08 [9.0700e+00 1.5840e+02 3.2459e+02 9.0000e-02]
preco_s0 0.25 Mk09 [1.0570e+01 3.1844e+02 6.7368e+02 1.3000e-01]
preco_s0 0.25 Mk10 [7.7700e+00 1.6071e+02 3.5371e+02 3.3000e-01]
preco_s0 0.25 La16 [1.7520e+01 3.9231e+02 8.5233e+02 1.3000e-01]
preco_s0 0.25 La21 [1.95500e+01 6.88200e+02 1.57815e+03 2.40000e-01]
preco_s0 0.5 Mk01 [1.1900e+01 1.1179e+02 2.3691e+02 2.0000e-01]
preco_s0 0.5 Mk02 [  7.25  73.26 157.13   0.36]
preco_s0 0.5 Mk03 [1.0200e+01 1.5326e+02 3.2377e+02 7.0000e-02]
preco_s0 0.5 Mk04 [1.3380e+01 2.4491e+02 5.2312e+02 2.0000e-01]
preco_s0 0.5 Mk05 [1.1800e+01 1.7587e+02 3.7454e+02 3.4000e-01]
preco_s0 0.5 Mk06 [ 14.3  197.67 422.82   0.49]
preco_s0 0.5 Mk07 [1.2580e+01 1.8718e+02 3.9599e+02 3.8000e-01]
preco_s0 0.5 Mk08 [9.1500e+00 9.8940e+01 1.9942e+02 9.0000e-02]
preco_s0 0.5 Mk09 [1.0570e+01 2.4648e+02 5.2351e+02 1.2000e-01]
preco_s0 0.5 Mk10 [  7.53  74.98 168.47   0.33]
preco_s0 0.5 La16 [1.6920e+01 3.2594e+02 7.0501e+02 1.0000e-01]
preco_s0 0.5 La21 [1.95500e+01 6.17740e+02 1.44044e+03 2.50000e-01]
preco_s0 1.0 Mk01 [ 11.9   59.7  134.06   0.25]
preco_s0 1.0 Mk02 [  7.    66.24 147.93   0.37]
preco_s0 1.0 Mk03 [1.0200e+01 9.8180e+01 2.1826e+02 7.0000e-02]
preco_s0 1.0 Mk04 [1.3020e+01 1.6207e+02 3.5591e+02 2.2000e-01]
preco_s0 1.0 Mk05 [ 11.73 114.6  245.73   0.34]
preco_s0 1.0 Mk06 [ 14.3  130.53 284.79   0.5 ]
preco_s0 1.0 Mk07 [ 13.   118.72 253.52   0.36]
preco_s0 1.0 Mk08 [ 9.05 30.5  61.79  0.09]
preco_s0 1.0 Mk09 [1.0630e+01 1.1759e+02 2.5805e+02 1.3000e-01]
preco_s0 1.0 Mk10 [ 7.63 18.45 43.94  0.31]
preco_s0 1.0 La16 [1.6250e+01 2.3010e+02 4.9696e+02 1.4000e-01]
preco_s0 1.0 La21 [1.99300e+01 4.94530e+02 1.13855e+03 2.40000e-01]
