\begin{table}[t]
\centering
\caption{Benchmark instances: jobs $J$, machines $M$, operations $N$, flexibility (mean compatible machines per operation), graph edges, best known makespan (time units), time factor $\tau$ (min/unit), overtime threshold $L$ and mean capacity $\bar C_m$ (h).}
\label{tab:instances}
\footnotesize
\setlength{\tabcolsep}{2.6pt}
\begin{tabular}{lrrrrrrrrr}
\toprule
Inst. & $J$ & $M$ & $N$ & Flex. & Edges & BKS & $\tau$ & $L$ & $\bar C$ \\
\midrule
\texttt{Mk01} & 10 & 6 & 55 & 2.09 & 160 & 40 & 17 & 11.2 & 18.6 \\
\texttt{Mk02} & 10 & 6 & 58 & 4.10 & 286 & 26 & 15 & 7.0 & 11.2 \\
\texttt{Mk03} & 15 & 8 & 150 & 3.01 & 586 & 204 & 3 & 11.2 & 18.5 \\
\texttt{Mk04} & 15 & 8 & 90 & 1.91 & 247 & 60 & 11 & 12.0 & 19.7 \\
\texttt{Mk05} & 15 & 4 & 106 & 1.71 & 272 & 172 & 4 & 12.6 & 20.7 \\
\texttt{Mk06} & 10 & 10 & 150 & 3.27 & 630 & 58 & 11 & 9.6 & 15.5 \\
\texttt{Mk07} & 20 & 5 & 100 & 2.83 & 363 & 139 & 5 & 12.6 & 20.8 \\
\texttt{Mk08} & 20 & 10 & 225 & 1.43 & 527 & 523 & 1 & 9.6 & 15.7 \\
\texttt{Mk09} & 20 & 10 & 240 & 2.52 & 826 & 307 & 2 & 11.0 & 17.9 \\
\texttt{Mk10} & 20 & 15 & 240 & 2.98 & 936 & 197 & 2 & 6.8 & 11.0 \\
\texttt{La16} & 10 & 10 & 100 & 1.13 & 203 & -- & 1 & 11.3 & 18.0 \\
\texttt{La21} & 15 & 10 & 150 & 1.15 & 308 & -- & 1 & 15.5 & 25.8 \\
\bottomrule
\end{tabular}
\end{table}

{'numpricemin': '114.49', 'numpricemax': '390.60', 'numpricemean': '195.4', 'numcomin': '278', 'numcomax': '680', 'numsolarpeak': '43.1', 'numcapmedianviol': '4', 'numcapbestok': '12', 'numcapbestmax': '1.38', 'numcapfactor': '1.5'}
