[noelite_s0] pretrain 0 loss=5.679 t=5s
[noelite_s0] pretrain 10 loss=3.043 t=36s
[noelite_s0] pretrain 20 loss=4.486 t=63s
[noelite_s0] pretrain 30 loss=3.907 t=84s
[noelite_s0] pretrain 39 loss=3.113 t=103s
[noelite_s0] it=0 t=122s val_HV=2.0468
/home/user/MORL_FJSP/morl_fjsp/train.py:387: UserWarning: Converting a tensor with requires_grad=True to a scalar may lead to unexpected behavior.
Consider using tensor.detach() first. (Triggered internally at /__w/pytorch/pytorch/torch/csrc/autograd/generated/python_variable_methods.cpp:820.)
  stats.append((float(pg), float(vf), float(ent.mean()), bc_val))
[noelite_s0] it=0 t=129s pg=0.022 vf=0.404 ent=2.40 bc=2.49 F=[1.6360e+01 1.6372e+02 5.6275e+02 5.1000e-01]
[noelite_s0] it=5 t=164s pg=-0.033 vf=0.439 ent=2.24 bc=2.46 F=[1.5810e+01 1.8004e+02 6.1325e+02 5.0000e-01]
[noelite_s0] it=10 t=199s pg=0.007 vf=0.136 ent=2.30 bc=2.11 F=[ 16.06 166.75 522.58   0.55]
[noelite_s0] it=15 t=253s val_HV=2.0639
[noelite_s0] it=15 t=260s pg=0.007 vf=0.391 ent=2.22 bc=2.12 F=[ 16.18 182.88 526.9    0.58]
[noelite_s0] it=20 t=299s pg=-0.039 vf=0.293 ent=2.05 bc=2.30 F=[ 15.39 153.98 472.29   0.48]
[noelite_s0] it=25 t=335s pg=-0.003 vf=0.456 ent=2.06 bc=1.97 F=[1.5390e+01 1.8276e+02 5.6695e+02 4.7000e-01]
[noelite_s0] it=30 t=383s val_HV=2.0076
[noelite_s0] it=30 t=393s pg=0.012 vf=0.289 ent=2.24 bc=2.26 F=[1.5500e+01 1.8293e+02 5.3566e+02 5.0000e-01]
[noelite_s0] it=35 t=434s pg=0.024 vf=0.390 ent=2.17 bc=2.14 F=[1.6190e+01 1.6689e+02 6.2617e+02 5.1000e-01]
[noelite_s0] it=40 t=474s pg=-0.018 vf=0.508 ent=2.24 bc=2.28 F=[1.5100e+01 1.7471e+02 5.6492e+02 4.5000e-01]
[noelite_s0] it=45 t=532s val_HV=2.0384
[noelite_s0] it=45 t=542s pg=-0.003 vf=0.281 ent=2.18 bc=2.19 F=[ 16.33 153.21 462.36   0.49]
[noelite_s0] it=50 t=581s pg=-0.012 vf=0.211 ent=2.21 bc=2.28 F=[ 16.88 158.77 487.13   0.56]
[noelite_s0] it=55 t=623s pg=-0.022 vf=0.080 ent=2.27 bc=2.15 F=[1.6860e+01 1.8315e+02 6.4110e+02 5.5000e-01]
[noelite_s0] it=60 t=670s val_HV=2.0502
[noelite_s0] it=60 t=677s pg=0.006 vf=0.340 ent=2.14 bc=2.09 F=[1.5940e+01 1.7011e+02 5.3574e+02 5.0000e-01]
[noelite_s0] it=65 t=711s pg=0.002 vf=0.098 ent=2.27 bc=2.55 F=[ 16.4  166.67 529.17   0.56]
[noelite_s0] it=70 t=744s pg=-0.011 vf=0.425 ent=2.06 bc=2.39 F=[1.8730e+01 1.9727e+02 6.5342e+02 4.8000e-01]
[noelite_s0] it=75 t=801s val_HV=1.9854
[noelite_s0] it=75 t=809s pg=-0.032 vf=0.347 ent=2.18 bc=2.25 F=[1.7170e+01 1.7751e+02 5.7557e+02 5.0000e-01]
[noelite_s0] it=80 t=846s pg=-0.026 vf=0.167 ent=2.25 bc=2.24 F=[1.4970e+01 1.7677e+02 6.0448e+02 5.1000e-01]
[noelite_s0] it=85 t=883s pg=0.011 vf=0.103 ent=2.24 bc=2.02 F=[1.6790e+01 1.8089e+02 6.1029e+02 5.6000e-01]
[noelite_s0] it=90 t=930s val_HV=2.0573
[noelite_s0] it=90 t=939s pg=-0.024 vf=0.228 ent=2.29 bc=2.40 F=[1.5440e+01 1.8386e+02 5.7083e+02 5.3000e-01]
[noelite_s0] it=95 t=974s pg=-0.008 vf=0.193 ent=2.13 bc=2.58 F=[1.4910e+01 1.7699e+02 6.0741e+02 5.0000e-01]
[noelite_s0] it=100 t=1013s pg=-0.005 vf=0.404 ent=2.24 bc=2.09 F=[1.7840e+01 1.8882e+02 5.8330e+02 4.8000e-01]
[noelite_s0] it=105 t=1059s val_HV=2.0649
[noelite_s0] it=105 t=1067s pg=0.010 vf=0.100 ent=2.23 bc=2.01 F=[1.7010e+01 1.9074e+02 6.1839e+02 5.5000e-01]
[noelite_s0] it=110 t=1100s pg=0.024 vf=0.247 ent=2.17 bc=2.23 F=[1.6880e+01 1.8218e+02 5.9010e+02 4.6000e-01]
[noelite_s0] it=115 t=1141s pg=0.013 vf=0.099 ent=2.10 bc=2.13 F=[ 16.09 173.2  536.     0.54]
[noelite_s0] it=120 t=1187s val_HV=1.9284
