[noexpert_s0] it=0 t=18s val_HV=0.0272
/home/user/MORL_FJSP/morl_fjsp/train.py:387: UserWarning: Converting a tensor with requires_grad=True to a scalar may lead to unexpected behavior.
Consider using tensor.detach() first. (Triggered internally at /__w/pytorch/pytorch/torch/csrc/autograd/generated/python_variable_methods.cpp:820.)
  stats.append((float(pg), float(vf), float(ent.mean()), bc_val))
[noexpert_s0] it=0 t=26s pg=-0.022 vf=1.103 ent=4.12 bc=3.70 F=[4.36600e+01 3.81160e+02 1.01626e+03 7.60000e-01]
[noexpert_s0] it=5 t=68s pg=-0.017 vf=1.000 ent=4.19 bc=3.99 F=[4.5790e+01 3.4512e+02 9.8523e+02 8.0000e-01]
[noexpert_s0] it=10 t=104s pg=-0.009 vf=0.593 ent=4.08 bc=3.95 F=[4.27500e+01 3.23340e+02 1.03734e+03 8.30000e-01]
[noexpert_s0] it=15 t=146s val_HV=0.1428
[noexpert_s0] it=15 t=154s pg=0.012 vf=0.947 ent=4.13 bc=3.79 F=[4.06200e+01 3.04840e+02 1.02126e+03 8.10000e-01]
[noexpert_s0] it=20 t=186s pg=0.009 vf=0.857 ent=4.08 bc=3.90 F=[4.06800e+01 3.35920e+02 1.03596e+03 8.00000e-01]
[noexpert_s0] it=25 t=226s pg=-0.009 vf=0.724 ent=4.22 bc=3.82 F=[4.31900e+01 3.42630e+02 1.04885e+03 8.10000e-01]
[noexpert_s0] it=30 t=274s val_HV=0.3650
[noexpert_s0] it=30 t=281s pg=-0.028 vf=0.548 ent=4.12 bc=3.83 F=[4.23300e+01 3.55510e+02 1.06948e+03 8.00000e-01]
[noexpert_s0] it=35 t=316s pg=0.005 vf=0.377 ent=4.09 bc=3.91 F=[3.8470e+01 3.2229e+02 9.5663e+02 8.6000e-01]
[noexpert_s0] it=40 t=351s pg=0.018 vf=0.711 ent=4.25 bc=3.79 F=[3.6950e+01 3.0273e+02 9.0792e+02 8.2000e-01]
[noexpert_s0] it=45 t=397s val_HV=1.1955
[noexpert_s0] it=45 t=404s pg=-0.002 vf=0.641 ent=3.99 bc=3.97 F=[3.6810e+01 3.2163e+02 1.0059e+03 7.4000e-01]
[noexpert_s0] it=50 t=437s pg=-0.026 vf=0.419 ent=4.05 bc=4.00 F=[3.6270e+01 3.0761e+02 9.4611e+02 7.1000e-01]
[noexpert_s0] it=55 t=474s pg=0.018 vf=0.417 ent=4.05 bc=3.92 F=[3.3320e+01 3.1312e+02 9.5364e+02 7.4000e-01]
[noexpert_s0] it=60 t=526s val_HV=1.0627
[noexpert_s0] it=60 t=534s pg=-0.016 vf=0.317 ent=4.06 bc=4.16 F=[3.4940e+01 3.0566e+02 9.0363e+02 7.5000e-01]
[noexpert_s0] it=65 t=581s pg=0.039 vf=0.259 ent=4.01 bc=4.23 F=[3.4270e+01 2.7245e+02 8.5136e+02 8.0000e-01]
[noexpert_s0] it=70 t=616s pg=-0.043 vf=0.160 ent=4.13 bc=4.11 F=[3.91800e+01 3.48290e+02 1.03946e+03 8.90000e-01]
[noexpert_s0] it=75 t=665s val_HV=1.1765
[noexpert_s0] it=75 t=674s pg=-0.008 vf=0.268 ent=4.06 bc=4.04 F=[3.0420e+01 2.9197e+02 9.1907e+02 7.5000e-01]
[noexpert_s0] it=80 t=708s pg=-0.006 vf=0.329 ent=3.88 bc=3.98 F=[2.9020e+01 2.5140e+02 7.8082e+02 7.7000e-01]
[noexpert_s0] it=85 t=739s pg=0.021 vf=0.557 ent=3.82 bc=3.62 F=[2.9770e+01 2.4277e+02 7.8186e+02 6.3000e-01]
[noexpert_s0] it=90 t=781s val_HV=1.1272
[noexpert_s0] it=90 t=788s pg=-0.016 vf=0.597 ent=3.93 bc=3.86 F=[2.9110e+01 2.5368e+02 8.0317e+02 7.2000e-01]
[noexpert_s0] it=95 t=826s pg=-0.017 vf=0.384 ent=3.93 bc=4.02 F=[2.9580e+01 2.7411e+02 8.8467e+02 8.1000e-01]
[noexpert_s0] it=100 t=860s pg=-0.015 vf=0.153 ent=3.80 bc=3.87 F=[2.9920e+01 2.5483e+02 8.5509e+02 8.0000e-01]
[noexpert_s0] it=105 t=906s val_HV=1.2478
[noexpert_s0] it=105 t=913s pg=0.022 vf=0.462 ent=3.78 bc=3.88 F=[2.7020e+01 2.3809e+02 7.6877e+02 6.7000e-01]
[noexpert_s0] it=110 t=948s pg=0.023 vf=0.144 ent=3.81 bc=3.83 F=[ 26.01 246.91 759.33   0.79]
[noexpert_s0] it=115 t=984s pg=-0.037 vf=0.203 ent=3.76 bc=4.06 F=[ 25.89 251.51 744.42   0.77]
[noexpert_s0] it=120 t=1031s val_HV=1.5568
