[linear_s1] pretrain 0 loss=5.809 t=8s
[linear_s1] pretrain 10 loss=3.069 t=44s
[linear_s1] pretrain 20 loss=4.111 t=86s
[linear_s1] pretrain 30 loss=3.414 t=131s
[linear_s1] pretrain 39 loss=2.815 t=174s
[linear_s1] it=0 t=216s val_HV=1.8397
/home/user/MORL_FJSP/morl_fjsp/train.py:387: UserWarning: Converting a tensor with requires_grad=True to a scalar may lead to unexpected behavior.
Consider using tensor.detach() first. (Triggered internally at /__w/pytorch/pytorch/torch/csrc/autograd/generated/python_variable_methods.cpp:820.)
  stats.append((float(pg), float(vf), float(ent.mean()), bc_val))
[linear_s1] it=0 t=238s pg=0.007 vf=0.642 ent=2.28 bc=4.96 F=[2.1850e+01 1.9598e+02 6.1832e+02 5.3000e-01]
[linear_s1] it=5 t=326s pg=-0.023 vf=1.137 ent=2.14 bc=5.04 F=[1.7620e+01 1.8164e+02 5.7422e+02 5.0000e-01]
[linear_s1] it=10 t=411s pg=0.043 vf=0.386 ent=2.23 bc=4.59 F=[1.7680e+01 1.9286e+02 5.6416e+02 5.4000e-01]
[linear_s1] it=15 t=514s val_HV=1.9506
[linear_s1] it=15 t=532s pg=0.006 vf=0.771 ent=2.28 bc=4.51 F=[2.0370e+01 1.8466e+02 5.8594e+02 5.1000e-01]
[linear_s1] it=20 t=622s pg=-0.009 vf=0.535 ent=2.26 bc=4.74 F=[1.8000e+01 1.8064e+02 5.8903e+02 5.6000e-01]
[linear_s1] it=25 t=725s pg=0.017 vf=0.179 ent=2.32 bc=4.90 F=[ 17.18 177.58 555.82   0.57]
[linear_s1] it=30 t=816s val_HV=2.0377
[linear_s1] it=30 t=831s pg=0.022 vf=0.656 ent=2.15 bc=4.45 F=[ 17.65 171.7  502.94   0.53]
[linear_s1] it=35 t=869s pg=-0.026 vf=0.198 ent=2.06 bc=3.90 F=[1.7030e+01 1.7531e+02 5.2983e+02 5.2000e-01]
[linear_s1] it=40 t=908s pg=-0.012 vf=0.543 ent=2.17 bc=4.52 F=[1.7370e+01 1.8167e+02 5.6886e+02 4.7000e-01]
[linear_s1] it=45 t=960s val_HV=1.9681
[linear_s1] it=45 t=967s pg=-0.017 vf=0.042 ent=2.26 bc=4.26 F=[ 16.   165.13 514.14   0.56]
[linear_s1] it=50 t=1006s pg=0.008 vf=0.416 ent=2.37 bc=4.69 F=[1.6540e+01 1.9361e+02 5.8608e+02 5.3000e-01]
[linear_s1] it=55 t=1051s pg=0.014 vf=0.358 ent=2.20 bc=4.49 F=[1.7790e+01 1.6159e+02 5.1768e+02 4.8000e-01]
[linear_s1] it=60 t=1098s val_HV=1.8281
[linear_s1] it=60 t=1108s pg=0.017 vf=0.325 ent=2.23 bc=4.84 F=[1.5570e+01 1.7766e+02 5.7561e+02 4.7000e-01]
[linear_s1] it=65 t=1145s pg=0.071 vf=0.292 ent=2.24 bc=4.50 F=[1.5650e+01 1.6597e+02 5.1678e+02 5.0000e-01]
[linear_s1] it=70 t=1187s pg=-0.014 vf=0.251 ent=2.28 bc=4.40 F=[1.9060e+01 1.8901e+02 6.1572e+02 5.1000e-01]
[linear_s1] it=75 t=1236s val_HV=1.8371
[linear_s1] it=75 t=1244s pg=0.001 vf=0.288 ent=2.12 bc=4.15 F=[1.6620e+01 1.4813e+02 5.1449e+02 5.0000e-01]
[linear_s1] it=80 t=1280s pg=-0.027 vf=0.286 ent=2.11 bc=4.55 F=[1.7120e+01 1.5567e+02 5.4176e+02 5.1000e-01]
[linear_s1] it=85 t=1322s pg=0.014 vf=0.377 ent=2.28 bc=4.55 F=[1.7130e+01 1.7717e+02 6.2408e+02 4.9000e-01]
[linear_s1] it=90 t=1368s val_HV=1.9646
[linear_s1] it=90 t=1375s pg=-0.030 vf=0.101 ent=2.17 bc=4.49 F=[ 17.64 161.75 539.49   0.56]
[linear_s1] it=95 t=1419s pg=-0.016 vf=0.520 ent=2.26 bc=4.54 F=[1.4980e+01 1.5228e+02 5.3033e+02 4.8000e-01]
[linear_s1] it=100 t=1456s pg=-0.014 vf=0.321 ent=2.21 bc=4.43 F=[1.6240e+01 1.7713e+02 5.6165e+02 5.3000e-01]
[linear_s1] it=105 t=1507s val_HV=1.9484
[linear_s1] it=105 t=1515s pg=-0.024 vf=0.161 ent=2.18 bc=4.23 F=[1.7240e+01 1.7518e+02 5.7804e+02 5.5000e-01]
[linear_s1] it=110 t=1559s pg=0.007 vf=0.203 ent=2.16 bc=4.35 F=[1.6860e+01 1.7554e+02 5.5497e+02 4.9000e-01]
[linear_s1] it=115 t=1606s pg=0.011 vf=0.220 ent=2.14 bc=4.44 F=[1.5120e+01 1.8975e+02 5.4014e+02 5.2000e-01]
[linear_s1] it=120 t=1664s val_HV=2.0513
