[rep_preco_s4] pretrain 0 loss=4.672 t=3s
[rep_preco_s4] pretrain 10 loss=3.420 t=30s
[rep_preco_s4] pretrain 20 loss=3.885 t=53s
[rep_preco_s4] pretrain 30 loss=2.847 t=79s
[rep_preco_s4] pretrain 39 loss=2.697 t=103s
[rep_preco_s4] it=0 t=125s val_HV=1.7809
/Users/madanibezoui/Documents/Projects/BrainStorming/morl_fjsp/train.py:395: UserWarning: Converting a tensor with requires_grad=True to a scalar may lead to unexpected behavior.
Consider using tensor.detach() first. (Triggered internally at /Users/runner/work/pytorch/pytorch/torch/csrc/autograd/generated/python_variable_methods.cpp:821.)
  stats.append((float(pg), float(vf), float(ent.mean()), bc_val))
[rep_preco_s4] it=0 t=136s pg=-0.032 vf=0.451 ent=2.22 bc=4.75 F=[ 16.99 160.83 523.53   0.56]
[rep_preco_s4] it=5 t=188s pg=-0.029 vf=0.252 ent=2.29 bc=4.59 F=[ 14.7  156.4  555.61   0.58]
[rep_preco_s4] it=10 t=238s pg=0.023 vf=0.431 ent=2.11 bc=4.64 F=[ 18.41 160.33 539.63   0.54]
[rep_preco_s4] it=15 t=314s val_HV=1.9467
[rep_preco_s4] it=15 t=325s pg=0.022 vf=0.689 ent=2.25 bc=4.81 F=[1.7230e+01 1.6014e+02 5.4542e+02 5.2000e-01]
[rep_preco_s4] it=20 t=375s pg=0.003 vf=0.286 ent=2.31 bc=4.75 F=[1.6730e+01 1.9586e+02 6.2934e+02 5.6000e-01]
[rep_preco_s4] it=25 t=425s pg=0.044 vf=0.391 ent=2.19 bc=4.77 F=[1.6220e+01 1.6604e+02 5.6172e+02 5.3000e-01]
[rep_preco_s4] it=30 t=490s val_HV=2.0006
[rep_preco_s4] it=30 t=498s pg=0.008 vf=0.425 ent=2.12 bc=4.46 F=[1.5570e+01 1.5978e+02 5.1075e+02 5.0000e-01]
[rep_preco_s4] it=35 t=549s pg=-0.002 vf=0.389 ent=2.16 bc=4.60 F=[1.6950e+01 1.7713e+02 5.4398e+02 5.3000e-01]
[rep_preco_s4] it=40 t=599s pg=-0.002 vf=0.136 ent=2.32 bc=4.61 F=[1.6310e+01 1.6467e+02 5.7183e+02 5.6000e-01]
[rep_preco_s4] it=45 t=667s val_HV=2.0697
[rep_preco_s4] it=45 t=677s pg=-0.006 vf=0.111 ent=2.20 bc=3.88 F=[1.4980e+01 1.7567e+02 5.6614e+02 5.4000e-01]
[rep_preco_s4] it=50 t=729s pg=-0.006 vf=0.440 ent=2.14 bc=4.28 F=[1.5670e+01 1.9235e+02 6.0806e+02 5.2000e-01]
[rep_preco_s4] it=55 t=780s pg=-0.010 vf=0.651 ent=2.23 bc=4.26 F=[1.5510e+01 1.8556e+02 5.9861e+02 5.2000e-01]
[rep_preco_s4] it=60 t=845s val_HV=1.9694
[rep_preco_s4] it=60 t=855s pg=0.016 vf=0.081 ent=2.08 bc=4.66 F=[ 15.39 174.5  523.86   0.58]
[rep_preco_s4] it=65 t=908s pg=0.018 vf=0.235 ent=2.12 bc=4.38 F=[1.5760e+01 1.7454e+02 5.5154e+02 5.2000e-01]
[rep_preco_s4] it=70 t=955s pg=-0.013 vf=0.438 ent=2.08 bc=4.36 F=[1.5570e+01 1.8055e+02 5.9230e+02 4.8000e-01]
[rep_preco_s4] it=75 t=1015s val_HV=1.9972
[rep_preco_s4] it=75 t=1024s pg=0.008 vf=0.134 ent=2.15 bc=4.15 F=[1.5430e+01 1.9153e+02 5.7524e+02 5.0000e-01]
[rep_preco_s4] it=80 t=1069s pg=-0.046 vf=0.191 ent=2.22 bc=4.91 F=[ 16.03 166.45 536.52   0.58]
[rep_preco_s4] it=85 t=1119s pg=-0.001 vf=0.246 ent=2.12 bc=4.79 F=[1.570e+01 1.920e+02 5.948e+02 5.000e-01]
[rep_preco_s4] it=90 t=1174s val_HV=2.0778
[rep_preco_s4] it=90 t=1182s pg=0.064 vf=0.269 ent=2.22 bc=4.12 F=[1.7830e+01 2.0055e+02 6.0865e+02 5.5000e-01]
[rep_preco_s4] it=95 t=1234s pg=-0.013 vf=0.234 ent=2.23 bc=4.73 F=[1.6900e+01 1.8183e+02 6.0991e+02 5.2000e-01]
[rep_preco_s4] it=100 t=1282s pg=0.012 vf=0.352 ent=2.16 bc=4.34 F=[1.5780e+01 1.8216e+02 5.3952e+02 5.3000e-01]
[rep_preco_s4] it=105 t=1342s val_HV=2.0567
[rep_preco_s4] it=105 t=1351s pg=0.014 vf=0.329 ent=2.21 bc=4.50 F=[1.4990e+01 1.7894e+02 5.7421e+02 4.9000e-01]
[rep_preco_s4] it=110 t=1398s pg=-0.030 vf=0.108 ent=2.18 bc=4.34 F=[1.5140e+01 1.7640e+02 5.4796e+02 5.4000e-01]
[rep_preco_s4] it=115 t=1440s pg=-0.006 vf=0.179 ent=2.10 bc=4.36 F=[1.4960e+01 1.7021e+02 5.6028e+02 5.3000e-01]
[rep_preco_s4] it=120 t=1493s val_HV=1.9595
