[rep_linear_s2] pretrain 0 loss=5.050 t=4s
[rep_linear_s2] pretrain 10 loss=4.201 t=34s
[rep_linear_s2] pretrain 20 loss=3.583 t=73s
[rep_linear_s2] pretrain 30 loss=2.499 t=107s
[rep_linear_s2] pretrain 39 loss=2.651 t=132s
[rep_linear_s2] it=0 t=156s val_HV=1.8593
/Users/madanibezoui/Documents/Projects/BrainStorming/morl_fjsp/train.py:395: UserWarning: Converting a tensor with requires_grad=True to a scalar may lead to unexpected behavior.
Consider using tensor.detach() first. (Triggered internally at /Users/runner/work/pytorch/pytorch/torch/csrc/autograd/generated/python_variable_methods.cpp:821.)
  stats.append((float(pg), float(vf), float(ent.mean()), bc_val))
[rep_linear_s2] it=0 t=167s pg=-0.010 vf=0.408 ent=2.30 bc=4.81 F=[ 19.35 178.45 523.93   0.57]
[rep_linear_s2] it=5 t=220s pg=-0.014 vf=0.476 ent=2.32 bc=4.89 F=[1.7200e+01 2.0104e+02 6.4746e+02 4.7000e-01]
[rep_linear_s2] it=10 t=268s pg=-0.008 vf=0.531 ent=2.39 bc=4.57 F=[1.8990e+01 1.8159e+02 5.3835e+02 4.9000e-01]
[rep_linear_s2] it=15 t=325s val_HV=2.0819
[rep_linear_s2] it=15 t=335s pg=0.014 vf=0.331 ent=2.32 bc=4.36 F=[ 17.   167.85 577.04   0.58]
[rep_linear_s2] it=20 t=384s pg=-0.013 vf=0.173 ent=2.17 bc=3.88 F=[1.6800e+01 1.8233e+02 5.9934e+02 5.2000e-01]
[rep_linear_s2] it=25 t=456s pg=-0.013 vf=0.337 ent=2.24 bc=4.41 F=[1.6110e+01 1.9132e+02 5.8575e+02 5.2000e-01]
[rep_linear_s2] it=30 t=556s val_HV=1.9725
[rep_linear_s2] it=30 t=575s pg=0.012 vf=0.264 ent=2.41 bc=4.57 F=[1.7290e+01 2.0789e+02 6.7625e+02 5.7000e-01]
[rep_linear_s2] it=35 t=646s pg=0.033 vf=0.197 ent=2.34 bc=4.12 F=[ 16.85 176.41 530.27   0.55]
[rep_linear_s2] it=40 t=718s pg=-0.017 vf=0.754 ent=2.18 bc=4.44 F=[1.7200e+01 1.7971e+02 5.7105e+02 5.1000e-01]
[rep_linear_s2] it=45 t=791s val_HV=2.0788
[rep_linear_s2] it=45 t=801s pg=-0.029 vf=0.511 ent=2.16 bc=3.99 F=[1.6620e+01 1.7026e+02 5.6349e+02 4.4000e-01]
[rep_linear_s2] it=50 t=865s pg=-0.006 vf=0.304 ent=2.31 bc=5.13 F=[1.816e+01 2.049e+02 6.214e+02 5.100e-01]
[rep_linear_s2] it=55 t=962s pg=0.037 vf=0.166 ent=2.29 bc=4.79 F=[ 16.41 165.85 524.34   0.56]
[rep_linear_s2] it=60 t=1037s val_HV=1.9825
[rep_linear_s2] it=60 t=1046s pg=-0.016 vf=0.115 ent=2.09 bc=4.36 F=[ 15.76 150.93 493.36   0.54]
[rep_linear_s2] it=65 t=1107s pg=-0.021 vf=0.199 ent=2.17 bc=4.36 F=[1.6490e+01 1.6836e+02 5.7539e+02 4.8000e-01]
[rep_linear_s2] it=70 t=1195s pg=-0.008 vf=0.355 ent=2.30 bc=4.26 F=[1.6180e+01 1.6672e+02 5.8086e+02 5.0000e-01]
[rep_linear_s2] it=75 t=1279s val_HV=1.9011
[rep_linear_s2] it=75 t=1291s pg=-0.026 vf=0.174 ent=2.18 bc=4.32 F=[ 17.33 172.8  539.68   0.54]
[rep_linear_s2] it=80 t=1359s pg=-0.017 vf=0.156 ent=2.18 bc=4.30 F=[ 16.53 169.63 506.63   0.51]
[rep_linear_s2] it=85 t=1428s pg=0.007 vf=0.224 ent=2.19 bc=4.63 F=[1.7060e+01 1.7470e+02 6.0651e+02 5.1000e-01]
[rep_linear_s2] it=90 t=1501s val_HV=2.0351
[rep_linear_s2] it=90 t=1512s pg=-0.015 vf=0.660 ent=2.11 bc=4.75 F=[1.6220e+01 1.5184e+02 4.9275e+02 4.4000e-01]
[rep_linear_s2] it=95 t=1580s pg=-0.027 vf=0.305 ent=2.08 bc=4.22 F=[1.7030e+01 1.5801e+02 5.5106e+02 4.7000e-01]
[rep_linear_s2] it=100 t=1659s pg=-0.032 vf=0.318 ent=2.17 bc=4.52 F=[ 16.48 152.15 506.11   0.54]
[rep_linear_s2] it=105 t=1739s val_HV=2.2247
[rep_linear_s2] it=105 t=1752s pg=-0.056 vf=0.126 ent=2.17 bc=4.36 F=[1.6500e+01 1.8951e+02 5.9241e+02 5.3000e-01]
[rep_linear_s2] it=110 t=1849s pg=-0.057 vf=0.083 ent=2.06 bc=4.41 F=[ 15.95 169.69 508.52   0.54]
[rep_linear_s2] it=115 t=1923s pg=-0.009 vf=0.493 ent=2.15 bc=4.47 F=[1.6890e+01 1.8403e+02 5.4709e+02 4.7000e-01]
[rep_linear_s2] it=120 t=2026s val_HV=2.0227
