[noexpert_s1] it=0 t=19s val_HV=0.0000
/home/user/MORL_FJSP/morl_fjsp/train.py:387: UserWarning: Converting a tensor with requires_grad=True to a scalar may lead to unexpected behavior.
Consider using tensor.detach() first. (Triggered internally at /__w/pytorch/pytorch/torch/csrc/autograd/generated/python_variable_methods.cpp:820.)
  stats.append((float(pg), float(vf), float(ent.mean()), bc_val))
[noexpert_s1] it=0 t=27s pg=0.016 vf=0.856 ent=4.24 bc=3.87 F=[5.10600e+01 3.80200e+02 1.13912e+03 8.50000e-01]
[noexpert_s1] it=5 t=60s pg=-0.004 vf=0.876 ent=4.07 bc=4.02 F=[4.0360e+01 2.9900e+02 9.9752e+02 7.8000e-01]
[noexpert_s1] it=10 t=90s pg=-0.032 vf=1.313 ent=4.09 bc=3.85 F=[4.28300e+01 3.14170e+02 1.04036e+03 7.40000e-01]
[noexpert_s1] it=15 t=133s val_HV=0.3123
[noexpert_s1] it=15 t=141s pg=-0.029 vf=1.124 ent=4.13 bc=4.08 F=[4.47600e+01 3.26350e+02 1.02377e+03 8.10000e-01]
[noexpert_s1] it=20 t=173s pg=-0.016 vf=0.374 ent=4.15 bc=3.86 F=[4.28800e+01 3.24470e+02 1.07086e+03 8.70000e-01]
[noexpert_s1] it=25 t=203s pg=-0.002 vf=1.405 ent=3.98 bc=3.81 F=[3.5790e+01 2.7454e+02 8.2312e+02 7.2000e-01]
[noexpert_s1] it=30 t=247s val_HV=0.5108
[noexpert_s1] it=30 t=254s pg=0.010 vf=0.786 ent=4.05 bc=3.80 F=[3.83800e+01 3.42130e+02 1.00349e+03 8.20000e-01]
[noexpert_s1] it=35 t=289s pg=-0.016 vf=0.560 ent=4.06 bc=4.00 F=[4.0180e+01 3.4063e+02 1.0003e+03 8.1000e-01]
[noexpert_s1] it=40 t=318s pg=-0.006 vf=0.770 ent=4.02 bc=3.86 F=[3.5820e+01 2.9482e+02 8.8116e+02 8.0000e-01]
[noexpert_s1] it=45 t=358s val_HV=0.8118
[noexpert_s1] it=45 t=365s pg=-0.005 vf=0.307 ent=4.13 bc=4.20 F=[3.5520e+01 3.0004e+02 9.1230e+02 8.1000e-01]
[noexpert_s1] it=50 t=394s pg=-0.030 vf=0.985 ent=4.04 bc=4.07 F=[3.5840e+01 2.8777e+02 9.1833e+02 8.1000e-01]
[noexpert_s1] it=55 t=423s pg=0.011 vf=0.840 ent=3.96 bc=3.87 F=[3.3550e+01 2.9609e+02 8.2936e+02 7.5000e-01]
[noexpert_s1] it=60 t=464s val_HV=0.8273
[noexpert_s1] it=60 t=470s pg=-0.015 vf=0.967 ent=4.01 bc=3.81 F=[3.3400e+01 2.7646e+02 8.3604e+02 7.2000e-01]
[noexpert_s1] it=65 t=499s pg=0.018 vf=0.705 ent=3.96 bc=3.76 F=[3.3550e+01 2.6838e+02 8.5471e+02 6.8000e-01]
[noexpert_s1] it=70 t=528s pg=-0.011 vf=0.402 ent=3.99 bc=3.88 F=[3.1660e+01 3.1221e+02 9.0897e+02 7.7000e-01]
[noexpert_s1] it=75 t=565s val_HV=0.8211
[noexpert_s1] it=75 t=571s pg=-0.018 vf=0.246 ent=3.95 bc=3.85 F=[3.0760e+01 2.8316e+02 8.7907e+02 7.9000e-01]
[noexpert_s1] it=80 t=600s pg=-0.037 vf=0.152 ent=4.03 bc=3.95 F=[3.2360e+01 2.9567e+02 9.0790e+02 8.5000e-01]
[noexpert_s1] it=85 t=630s pg=0.011 vf=0.317 ent=4.00 bc=4.06 F=[3.2000e+01 2.7948e+02 8.9593e+02 7.8000e-01]
[noexpert_s1] it=90 t=670s val_HV=0.7531
[noexpert_s1] it=90 t=677s pg=0.011 vf=0.376 ent=3.98 bc=3.79 F=[3.0920e+01 2.5247e+02 8.9311e+02 7.4000e-01]
[noexpert_s1] it=95 t=708s pg=0.015 vf=0.148 ent=3.85 bc=3.87 F=[2.8100e+01 2.4716e+02 8.3424e+02 8.0000e-01]
[noexpert_s1] it=100 t=738s pg=-0.056 vf=0.360 ent=3.88 bc=4.12 F=[ 27.28 241.8  717.48   0.79]
[noexpert_s1] it=105 t=778s val_HV=0.5725
[noexpert_s1] it=105 t=785s pg=-0.001 vf=0.167 ent=3.65 bc=3.74 F=[ 27.92 253.41 726.35   0.76]
[noexpert_s1] it=110 t=814s pg=-0.029 vf=0.187 ent=3.93 bc=3.99 F=[2.9180e+01 2.8743e+02 8.3072e+02 8.0000e-01]
[noexpert_s1] it=115 t=842s pg=0.066 vf=0.226 ent=3.83 bc=3.75 F=[2.7990e+01 2.4517e+02 8.2231e+02 8.0000e-01]
[noexpert_s1] it=120 t=884s val_HV=0.9145
